acl
adduser
adwaita-icon-theme
apache2
apache2-bin
apache2-data
apache2-utils
apt
apt-utils
aptitude
aptitude-common
aptitude-doc-en
asterisk
asterisk-config
asterisk-core-sounds-en
asterisk-core-sounds-en-gsm
asterisk-dev
asterisk-modules
asterisk-moh-opsound-gsm
asterisk-voicemail
at
at-spi2-core
autoconf
automake
autopoint
autotools-dev
base-files
base-passwd
bash
bash-completion
binutils
bladerf
blt
bsd-mailx
bsdmainutils
bsdutils
build-essential
bzip2
ca-certificates
checkinstall
cmake
cmake-data
colord
colord-data
comerr-dev
coreutils
cpio
cpp
cpp-4.9
cron
curl
dahdi-linux
dahdi-source
dash
dbus
dconf-gsettings-backend:armhf
dconf-service
dctrl-tools
debconf
debconf-i18n
debhelper
debian-archive-keyring
debian-keyring
debianutils
debootstrap
devscripts
dh-autoreconf
dh-make
dh-python
diffstat
diffutils
distro-info-data
dmidecode
dmsetup
docutils-common
docutils-doc
doxygen
dpkg
dpkg-cross
dpkg-dev
dput
e2fslibs:armhf
e2fsprogs
equivs
exim4-base
exim4-config
exim4-daemon-light
fakeroot
file
findutils
fontconfig
fontconfig-config
fonts-dejavu-core
fonts-liberation
fonts-lyx
freeglut3:armhf
freetds-common
fxload
g++
g++-4.9
gcc
gcc-4.7-base:armhf
gcc-4.8-base:armhf
gcc-4.9
gcc-4.9-base:armhf
gcc-5-base:armhf
gettext
gettext-base
gir1.2-glib-2.0:armhf
git
git-man
glib-networking:armhf
glib-networking-common
glib-networking-services
gnupg
gnupg-agent
gnupg2
gnuradio
gpgv
graphviz
grep
groff-base
gsettings-desktop-schemas
gstreamer1.0-plugins-base:armhf
gzip
hardening-includes
help2man
hicolor-icon-theme
hostname
htop
icu-devtools
ifupdown
init
init-system-helpers
initscripts
insserv
intltool-debian
iproute2
iptables
iputils-ping
isc-dhcp-client
isc-dhcp-common
iso-codes
javascript-common
kmod
krb5-locales
krb5-multidev
less
libacl1:armhf
libalgorithm-c3-perl
libalgorithm-diff-perl
libalgorithm-diff-xs-perl
libalgorithm-merge-perl
libapache2-mod-php5
libapr1:armhf
libaprutil1:armhf
libaprutil1-dbd-sqlite3:armhf
libaprutil1-ldap:armhf
libapt-inst1.5:armhf
libapt-pkg-perl
libapt-pkg4.12:armhf
libarchive-extract-perl
libarchive-zip-perl
libarchive13:armhf
libasan1:armhf
libasound2:armhf
libasound2-data
libasound2-dev:armhf
libasprintf-dev:armhf
libasprintf0c2:armhf
libassuan0:armhf
libasyncns0:armhf
libatk-bridge2.0-0:armhf
libatk1.0-0:armhf
libatk1.0-data
libatomic1:armhf
libatspi2.0-0:armhf
libattr1:armhf
libaudio2:armhf
libaudit-common
libaudit1:armhf
libauthen-sasl-perl
libavahi-client-dev
libavahi-client3:armhf
libavahi-common-data:armhf
libavahi-common-dev
libavahi-common3:armhf
libbladerf-dev:armhf
libblas-common
libblas3
libblkid1:armhf
libboost-all-dev
libboost-atomic-dev:armhf
libboost-atomic1.55-dev:armhf
libboost-atomic1.55.0:armhf
libboost-chrono-dev:armhf
libboost-chrono1.55-dev:armhf
libboost-chrono1.55.0:armhf
libboost-context-dev:armhf
libboost-context1.55-dev:armhf
libboost-context1.55.0:armhf
libboost-coroutine-dev
libboost-coroutine1.55-dev:armhf
libboost-date-time-dev:armhf
libboost-date-time1.55-dev:armhf
libboost-date-time1.55.0:armhf
libboost-dev:armhf
libboost-exception-dev:armhf
libboost-exception1.55-dev:armhf
libboost-filesystem-dev:armhf
libboost-filesystem1.55-dev:armhf
libboost-filesystem1.55.0:armhf
libboost-graph-dev:armhf
libboost-graph-parallel-dev
libboost-graph-parallel1.55-dev
libboost-graph-parallel1.55.0
libboost-graph1.55-dev:armhf
libboost-graph1.55.0:armhf
libboost-iostreams-dev:armhf
libboost-iostreams1.54.0:armhf
libboost-iostreams1.55-dev:armhf
libboost-iostreams1.55.0:armhf
libboost-locale-dev:armhf
libboost-locale1.55-dev:armhf
libboost-locale1.55.0:armhf
libboost-log-dev
libboost-log1.55-dev
libboost-log1.55.0
libboost-math-dev:armhf
libboost-math1.55-dev:armhf
libboost-math1.55.0:armhf
libboost-mpi-dev
libboost-mpi-python-dev
libboost-mpi-python1.55-dev
libboost-mpi-python1.55.0
libboost-mpi1.55-dev
libboost-mpi1.55.0
libboost-program-options-dev:armhf
libboost-program-options1.55-dev:armhf
libboost-program-options1.55.0:armhf
libboost-python-dev
libboost-python1.55-dev
libboost-python1.55.0
libboost-random-dev:armhf
libboost-random1.55-dev:armhf
libboost-random1.55.0:armhf
libboost-regex-dev:armhf
libboost-regex1.55-dev:armhf
libboost-regex1.55.0:armhf
libboost-serialization-dev:armhf
libboost-serialization1.55-dev:armhf
libboost-serialization1.55.0:armhf
libboost-signals-dev:armhf
libboost-signals1.55-dev:armhf
libboost-signals1.55.0:armhf
libboost-system-dev:armhf
libboost-system1.55-dev:armhf
libboost-system1.55.0:armhf
libboost-test-dev:armhf
libboost-test1.55-dev:armhf
libboost-test1.55.0:armhf
libboost-thread-dev:armhf
libboost-thread1.55-dev:armhf
libboost-thread1.55.0:armhf
libboost-timer-dev:armhf
libboost-timer1.55-dev:armhf
libboost-timer1.55.0:armhf
libboost-tools-dev
libboost-wave-dev:armhf
libboost-wave1.55-dev:armhf
libboost-wave1.55.0:armhf
libboost1.55-dev:armhf
libboost1.55-tools-dev
libbsd0:armhf
libbz2-1.0:armhf
libc-bin
libc-dev-bin
libc6:armhf
libc6-dev:armhf
libcaca-dev
libcaca0:armhf
libcairo-gobject2:armhf
libcairo2:armhf
libcanberra-gtk3-0:armhf
libcanberra-gtk3-module:armhf
libcanberra0:armhf
libcap-ng0:armhf
libcap2:armhf
libcap2-bin
libcdparanoia0:armhf
libcdt5
libcgi-fast-perl
libcgi-pm-perl
libcgraph6
libclang1-3.5:armhf
libclass-accessor-perl
libclass-c3-perl
libclass-c3-xs-perl
libclass-inspector-perl
libclone-perl
libcloog-isl4:armhf
libcolord2:armhf
libcolorhug2:armhf
libcomedi0
libcomerr2:armhf
libcommon-sense-perl
libconfig-auto-perl
libconfig-inifiles-perl
libconvert-binhex-perl
libcpan-meta-perl
libcppunit-1.13-0:armhf
libcppunit-dev
libcr0
libcroco3:armhf
libcrypt-ssleay-perl
libcrypto++-dev
libcrypto++9
libcryptsetup4:armhf
libcups2:armhf
libcurl3:armhf
libcurl3-gnutls:armhf
libcwidget3:armhf
libdata-optlist-perl
libdata-section-perl
libdatrie1:armhf
libdb5.3:armhf
libdbus-1-3:armhf
libdbus-1-dev:armhf
libdbus-glib-1-2:armhf
libdconf1:armhf
libdebconfclient0:armhf
libdebian-dpkgcross-perl
libdevmapper1.02.1:armhf
libdigest-hmac-perl
libdirectfb-1.2-9:armhf
libdirectfb-dev
libdirectfb-extra:armhf
libdistro-info-perl
libdns-export100
libdpkg-perl
libdrm-dev:armhf
libdrm-exynos1:armhf
libdrm-freedreno1:armhf
libdrm-nouveau2:armhf
libdrm-omap1:armhf
libdrm-radeon1:armhf
libdrm-tegra0:armhf
libdrm2:armhf
libedit2:armhf
libelf1:armhf
libemail-valid-perl
libencode-locale-perl
liberror-perl
libestr0
libexif12:armhf
libexpat1:armhf
libexpat1-dev:armhf
libexporter-tiny-perl
libfakeroot:armhf
libfcgi-perl
libffi6:armhf
libfftw3-bin
libfftw3-dev:armhf
libfftw3-double3:armhf
libfftw3-single3:armhf
libfile-basedir-perl
libfile-copy-recursive-perl
libfile-fcntllock-perl
libfile-homedir-perl
libfile-listing-perl
libfile-which-perl
libflac8:armhf
libfont-afm-perl
libfontconfig1:armhf
libfreeradius-client2
libfreetype6:armhf
libfreetype6-dev
libgcc-4.9-dev:armhf
libgcc1:armhf
libgcrypt20:armhf
libgd3:armhf
libgdbm3:armhf
libgdk-pixbuf2.0-0:armhf
libgdk-pixbuf2.0-common
libgettextpo-dev:armhf
libgettextpo0:armhf
libgfortran3:armhf
libgirepository-1.0-1:armhf
libgl1-mesa-dev:armhf
libgl1-mesa-dri:armhf
libgl1-mesa-glx:armhf
libglade2-0:armhf
libglapi-mesa:armhf
libglib2.0-0:armhf
libglib2.0-bin
libglib2.0-data
libglib2.0-dev
libglu1-mesa:armhf
libglu1-mesa-dev
libgmime-2.6-0:armhf
libgmp10:armhf
libgnuradio-analog3.7.5:armhf
libgnuradio-atsc3.7.5:armhf
libgnuradio-audio3.7.5:armhf
libgnuradio-blocks3.7.5:armhf
libgnuradio-channels3.7.5:armhf
libgnuradio-comedi3.7.5:armhf
libgnuradio-digital3.7.5:armhf
libgnuradio-dtv3.7.5:armhf
libgnuradio-fcd3.7.5:armhf
libgnuradio-fec3.7.5:armhf
libgnuradio-fft3.7.5:armhf
libgnuradio-filter3.7.5:armhf
libgnuradio-noaa3.7.5:armhf
libgnuradio-pager3.7.5:armhf
libgnuradio-pmt3.7.5:armhf
libgnuradio-qtgui3.7.5:armhf
libgnuradio-runtime3.7.5:armhf
libgnuradio-trellis3.7.5:armhf
libgnuradio-uhd3.7.5:armhf
libgnuradio-video-sdl3.7.5:armhf
libgnuradio-vocoder3.7.5:armhf
libgnuradio-wavelet3.7.5:armhf
libgnuradio-wxgui3.7.5:armhf
libgnuradio-zeromq3.7.5:armhf
libgnutls-deb0-28:armhf
libgnutls-openssl27:armhf
libgomp1:armhf
libgpg-error0:armhf
libgpgme11:armhf
libgphoto2-6:armhf
libgphoto2-l10n
libgphoto2-port12:armhf
libgpm2:armhf
libgraphite2-3:armhf
libgsl0-dev
libgsl0ldbl
libgsm1:armhf
libgsm1-dev:armhf
libgssapi-krb5-2:armhf
libgssrpc4:armhf
libgstreamer-plugins-base1.0-0:armhf
libgstreamer1.0-0:armhf
libgtk-3-0:armhf
libgtk-3-bin
libgtk-3-common
libgtk2.0-0:armhf
libgtk2.0-bin
libgtk2.0-common
libgudev-1.0-0:armhf
libgusb2:armhf
libgvc6
libgvpr2
libh323-1.24.0
libh323plus-dev
libharfbuzz0b:armhf
libhogweed2:armhf
libhtml-form-perl
libhtml-format-perl
libhtml-parser-perl
libhtml-tagset-perl
libhtml-tree-perl
libhttp-cookies-perl
libhttp-daemon-perl
libhttp-date-perl
libhttp-message-perl
libhttp-negotiate-perl
libhwloc-dev:armhf
libhwloc-plugins
libhwloc5:armhf
libibverbs-dev
libibverbs1
libical1a
libice6:armhf
libicu-dev:armhf
libicu52:armhf
libidn11:armhf
libieee1284-3:armhf
libiksemel3:armhf
libio-html-perl
libio-pty-perl
libio-sessiondata-perl
libio-socket-inet6-perl
libio-socket-ssl-perl
libio-string-perl
libio-stringy-perl
libipc-run-perl
libirs-export91
libisc-export95
libisccfg-export90
libisl13:armhf
libjack-jackd2-0:armhf
libjansson4:armhf
libjasper1:armhf
libjbig-dev:armhf
libjbig0:armhf
libjpeg-dev
libjpeg62-turbo:armhf
libjpeg62-turbo-dev:armhf
libjs-jquery
libjs-jquery-ui
libjson-c2:armhf
libjson-glib-1.0-0:armhf
libjson-glib-1.0-common
libjson-perl
libjson-xs-perl
libk5crypto3:armhf
libkadm5clnt-mit9:armhf
libkadm5srv-mit9:armhf
libkdb5-7:armhf
libkeyutils1:armhf
libkmod2:armhf
libkrb5-3:armhf
libkrb5support0:armhf
libksba8:armhf
liblapack3
liblcms2-2:armhf
libldap-2.4-2:armhf
libldap2-dev:armhf
liblist-moreutils-perl
libllvm3.5:armhf
liblocale-gettext-perl
liblockfile-bin
liblockfile1:armhf
liblog-message-perl
liblog-message-simple-perl
liblog4cpp5
liblogging-stdlog0:armhf
liblognorm1:armhf
libltdl-dev:armhf
libltdl7:armhf
liblua5.1-0:armhf
liblwp-mediatypes-perl
liblwp-protocol-https-perl
liblzma-dev:armhf
liblzma5:armhf
liblzo2-2:armhf
libmagic1:armhf
libmail-sendmail-perl
libmailtools-perl
libmime-tools-perl
libmng1:armhf
libmnl0:armhf
libmodule-build-perl
libmodule-pluggable-perl
libmodule-signature-perl
libmount1:armhf
libmpc3:armhf
libmpdec2:armhf
libmpfr4:armhf
libmro-compat-perl
libmysqlclient-dev
libmysqlclient18:armhf
libncurses5:armhf
libncurses5-dev:armhf
libncursesw5:armhf
libneon27-gnutls
libnet-dns-perl
libnet-domain-tld-perl
libnet-http-perl
libnet-ip-perl
libnet-smtp-ssl-perl
libnet-ssleay-perl
libnetfilter-acct1:armhf
libnettle4:armhf
libnewt0.52:armhf
libnfnetlink0:armhf
libnotify4:armhf
libobjc-4.9-dev:armhf
libobjc4:armhf
libodbc1:armhf
libogg0:armhf
libonig2:armhf
libopencore-amrnb0:armhf
libopencore-amrwb0:armhf
libopenmpi-dev
libopenmpi1.6
libopus0:armhf
liborc-0.4-0:armhf
libortp-dev
libortp9:armhf
libosip2-11:armhf
libosip2-dev
libossp-uuid-perl
libossp-uuid16:armhf
libp11-kit0:armhf
libpackage-constants-perl
libpam-modules:armhf
libpam-modules-bin
libpam-runtime
libpam-systemd:armhf
libpam0g:armhf
libpango-1.0-0:armhf
libpangocairo-1.0-0:armhf
libpangoft2-1.0-0:armhf
libpaper-utils
libpaper1:armhf
libparams-util-perl
libparse-debian-packages-perl
libparse-debianchangelog-perl
libpathplan4
libpci3:armhf
libpciaccess0:armhf
libpcre3:armhf
libpcre3-dev:armhf
libpcrecpp0:armhf
libperl4-corelibs-perl
libperl5.20
libperlio-gzip-perl
libpgm-5.1-0
libpipeline1:armhf
libpixman-1-0:armhf
libpj2
libpjlib-util2
libpjmedia-audiodev2
libpjmedia-codec2
libpjmedia-videodev2
libpjmedia2
libpjnath2
libpjsip-simple2
libpjsip-ua2
libpjsip2
libpjsua2
libpng12-0:armhf
libpng12-dev:armhf
libpod-latex-perl
libpod-readme-perl
libpolkit-agent-1-0:armhf
libpolkit-backend-1-0:armhf
libpolkit-gobject-1-0:armhf
libpopt0:armhf
libportaudio2:armhf
libpq-dev
libpq5:armhf
libprocps3:armhf
libproxy1:armhf
libpsl0:armhf
libpt-dev
libpt2.10.10
libpth20:armhf
libpthread-stubs0-dev:armhf
libpulse-dev:armhf
libpulse-mainloop-glib0:armhf
libpulse0:armhf
libpython-dev:armhf
libpython-stdlib:armhf
libpython2.7:armhf
libpython2.7-dev:armhf
libpython2.7-minimal:armhf
libpython2.7-stdlib:armhf
libpython3-stdlib:armhf
libpython3.4-minimal:armhf
libpython3.4-stdlib:armhf
libqdbm14
libqt4-dbus:armhf
libqt4-declarative:armhf
libqt4-designer:armhf
libqt4-dev
libqt4-dev-bin
libqt4-help:armhf
libqt4-network:armhf
libqt4-opengl:armhf
libqt4-opengl-dev
libqt4-qt3support:armhf
libqt4-script:armhf
libqt4-scripttools:armhf
libqt4-sql:armhf
libqt4-sql-mysql:armhf
libqt4-svg:armhf
libqt4-test:armhf
libqt4-xml:armhf
libqt4-xmlpatterns:armhf
libqtassistantclient4:armhf
libqtcore4:armhf
libqtdbus4:armhf
libqtgui4:armhf
libqtwebkit-dev
libqtwebkit4:armhf
libqwt-dev
libqwt5-qt4
libqwt6
libreadline-dev:armhf
libreadline6:armhf
libreadline6-dev:armhf
libregexp-common-perl
libresample1
librest-0.7-0:armhf
librsvg2-2:armhf
librsvg2-common:armhf
librtmp1:armhf
libsamplerate0:armhf
libsane:armhf
libsane-common
libsane-extras:armhf
libsane-extras-common
libsasl2-2:armhf
libsasl2-dev
libsasl2-modules:armhf
libsasl2-modules-db:armhf
libsctp-dev
libsctp1:armhf
libsdl1.2-dev
libsdl1.2debian:armhf
libselinux1:armhf
libsemanage-common
libsemanage1:armhf
libsensors4:armhf
libsepol1:armhf
libserf-1-1:armhf
libsigc++-2.0-0c2a:armhf
libsigsegv2:armhf
libslang2:armhf
libslang2-dev:armhf
libsm6:armhf
libsmartcols1:armhf
libsndfile1:armhf
libsnmp-base
libsnmp30:armhf
libsoap-lite-perl
libsocket6-perl
libsodium13:armhf
libsoftware-license-perl
libsoup-gnome2.4-1:armhf
libsoup2.4-1:armhf
libsox-fmt-alsa:armhf
libsox-fmt-base:armhf
libsox2:armhf
libspandsp-dev:armhf
libspandsp2:armhf
libspeex-dev:armhf
libspeex1:armhf
libspeexdsp1:armhf
libsqlite0
libsqlite3-0:armhf
libsqlite3-dev:armhf
libsrtp0
libss2:armhf
libssh2-1:armhf
libssl-dev:armhf
libssl-doc
libssl1.0.0:armhf
libstdc++-4.9-dev:armhf
libstdc++6:armhf
libsub-exporter-perl
libsub-install-perl
libsub-name-perl
libsvn1:armhf
libsybdb5:armhf
libsys-hostname-long-perl
libsystemd0:armhf
libtask-weaken-perl
libtasn1-6:armhf
libtcl8.6:armhf
libtdb1:armhf
libtecla-dev
libtecla1
libterm-ui-perl
libtext-charwidth-perl
libtext-iconv-perl
libtext-levenshtein-perl
libtext-soundex-perl
libtext-template-perl
libtext-wrapi18n-perl
libthai-data
libthai0:armhf
libtheora0:armhf
libtiff5:armhf
libtiff5-dev:armhf
libtiffxx5:armhf
libtimedate-perl
libtinfo-dev:armhf
libtinfo5:armhf
libtk8.6:armhf
libtool
libtxc-dxtn-s2tc0:armhf
libubsan0:armhf
libudev1:armhf
libuhd-dev
libuhd003:armhf
libunistring0:armhf
liburi-perl
libusb-0.1-4:armhf
libusb-1.0-0:armhf
libusb-1.0-0-dev:armhf
libusb-1.0-doc
libusb-dev
libustr-1.0-1:armhf
libuuid1:armhf
libv4l-0:armhf
libv4lconvert0:armhf
libvisual-0.4-0:armhf
libvisual-0.4-plugins:armhf
libvolk-bin
libvolk0.0.0:armhf
libvorbis0a:armhf
libvorbisenc2:armhf
libvorbisfile3:armhf
libvpx1:armhf
libwavpack1:armhf
libwayland-client0:armhf
libwayland-cursor0:armhf
libwebp5:armhf
libwebpdemux1:armhf
libwebpmux1:armhf
libwrap0:armhf
libwww-perl
libwww-robotrules-perl
libwxbase3.0-0:armhf
libwxgtk3.0-0:armhf
libx11-6:armhf
libx11-data
libx11-dev:armhf
libx11-doc
libx11-xcb-dev:armhf
libx11-xcb1:armhf
libxapian22
libxau-dev:armhf
libxau6:armhf
libxaw7:armhf
libxcb-dri2-0:armhf
libxcb-dri2-0-dev:armhf
libxcb-dri3-0:armhf
libxcb-dri3-dev:armhf
libxcb-glx0:armhf
libxcb-glx0-dev:armhf
libxcb-present-dev:armhf
libxcb-present0:armhf
libxcb-randr0:armhf
libxcb-randr0-dev:armhf
libxcb-render0:armhf
libxcb-render0-dev:armhf
libxcb-shape0:armhf
libxcb-shape0-dev:armhf
libxcb-shm0:armhf
libxcb-sync-dev:armhf
libxcb-sync1:armhf
libxcb-xfixes0:armhf
libxcb-xfixes0-dev:armhf
libxcb1:armhf
libxcb1-dev:armhf
libxcomposite1:armhf
libxcursor1:armhf
libxdamage-dev:armhf
libxdamage1:armhf
libxdmcp-dev:armhf
libxdmcp6:armhf
libxdot4
libxext-dev:armhf
libxext6:armhf
libxfixes-dev:armhf
libxfixes3:armhf
libxft2:armhf
libxi6:armhf
libxinerama1:armhf
libxkbcommon0:armhf
libxml-namespacesupport-perl
libxml-parser-perl
libxml-sax-base-perl
libxml-sax-expat-perl
libxml-sax-perl
libxml-simple-perl
libxml2:armhf
libxmlrpc-lite-perl
libxmu6:armhf
libxmuu1:armhf
libxpm4:armhf
libxrandr2:armhf
libxrender1:armhf
libxshmfence-dev:armhf
libxshmfence1:armhf
libxslt1.1:armhf
libxss1:armhf
libxt6:armhf
libxtables10
libxtst6:armhf
libxxf86vm-dev:armhf
libxxf86vm1:armhf
libyaml-0-2:armhf
libyaml-libyaml-perl
libyaml-perl
libyate5.2.0
libzmq3:armhf
libzmq3-dev:armhf
lintian
linux-libc-dev:armhf
lksctp-tools
localepurge
locales
login
logrotate
lsb-base
lsb-release
lsof
m4
make
man-db
manpages
manpages-dev
mawk
mesa-common-dev:armhf
mime-support
module-assistant
mount
mpi-default-bin
mpi-default-dev
multiarch-support
multistrap
mysql-common
nano
ncurses-base
ncurses-bin
net-tools
netbase
netcat-traditional
nfacct
notification-daemon
ocl-icd-libopencl1:armhf
odbcinst
odbcinst1debian2:armhf
openmpi-bin
openmpi-common
openssh-client
openssl
pandoc
pandoc-data
passwd
patch
patchutils
pbuilder
pdebuild-cross
perl
perl-base
perl-modules
php5
php5-cgi
php5-cli
php5-common
php5-json
php5-readline
pinentry-gtk2
pkg-config
po-debconf
policykit-1
procps
psmisc
python
python-apt
python-apt-common
python-bs4
python-cairo
python-chardet
python-cheetah
python-dateutil
python-decorator
python-dev
python-docutils
python-glade2
python-gobject-2
python-gtk2
python-html5lib
python-imaging
python-lxml
python-matplotlib
python-matplotlib-data
python-minimal
python-mock
python-networkx
python-nose
python-numpy
python-opengl
python-pil:armhf
python-pkg-resources
python-pygments
python-pygraphviz
python-pyparsing
python-qt4
python-qwt5-qt4
python-roman
python-scipy
python-sip
python-six
python-software-properties
python-support
python-tk
python-tz
python-wxgtk3.0
python-wxversion
python-yaml
python-zmq
python2.7
python2.7-dev
python2.7-minimal
python3
python3-apt
python3-chardet
python3-dbus
python3-debian
python3-gi
python3-magic
python3-minimal
python3-pkg-resources
python3-six
python3-software-properties
python3.4
python3.4-minimal
qdbus
qt4-linguist-tools
qt4-qmake
qtchooser
qtcore4-l10n
qthid-fcd-controller
readline-common
rename
rsync
rsyslog
sane-utils
sed
sensible-utils
sgml-base
shared-mime-info
software-properties-common
sox
sqlite3
ssl-cert
startpar
strace
subversion
sudo
systemd
systemd-sysv
sysv-rc
sysvinit-utils
t1utils
tar
tasksel
tasksel-data
tcpd
tk8.6-blt2.5
traceroute
tzdata
ucf
udev
uhd-host
unattended-upgrades
unixodbc
unixodbc-dev
unzip
update-inetd
util-linux
vim
vim-common
vim-runtime
vim-tiny
wdiff
wget
whiptail
x11-common
x11proto-core-dev
x11proto-damage-dev
x11proto-dri2-dev
x11proto-fixes-dev
x11proto-gl-dev
x11proto-input-dev
x11proto-kb-dev
x11proto-xext-dev
x11proto-xf86vidmode-dev
xapt
xauth
xdg-user-dirs
xkb-data
xml-core
xorg-sgml-doctools
xtrans-dev
xz-utils
yate
yate-alsa
yate-core
yate-dev
yate-doc
yate-mysql
yate-pgsql
yate-qt4
zlib1g:armhf
zlib1g-dev:armhf
